
> kpqa-backend@0.1.0 test
> jest --runInBand notification.api.spec.ts

{"level":30,"time":1770852634547,"pid":21480,"hostname":"DESKTOP-3834FTC","req":{"id":"2fc08efc-b27f-445f-a6cf-db91ffb6041c","method":"GET","url":"/api/notifications?page=1&limit=10","query":{"page":"1","limit":"10"},"params":{},"headers":{"host":"127.0.0.1:58142","accept-encoding":"gzip, deflate","authorization":"Bearer eyJhbGciOiJIUzI1NiIsInR5cCI6IkpXVCJ9.eyJzdWIiOiJub3RpZmljYXRpb25fc3R1ZGVudF8wMDEiLCJyb2xlIjoic3R1ZGVudCIsInR5cGUiOiJhY2Nlc3MiLCJpYXQiOjE3NzA4NTI2MzQsImV4cCI6MTc3MTQ1NzQzNH0.W6cUsDXF0dlksYrP0r7DOdJXd8e17R_3hHsT4WF_5Fg","connection":"close"},"remoteAddress":"::ffff:127.0.0.1","remotePort":58143},"mode":"normal","res":{"statusCode":200,"headers":{"content-security-policy":"default-src 'self';base-uri 'self';font-src 'self' https: data:;form-action 'self';frame-ancestors 'self';img-src 'self' data:;object-src 'none';script-src 'self';script-src-attr 'none';style-src 'self' https: 'unsafe-inline';upgrade-insecure-requests","cross-origin-opener-policy":"same-origin","cross-origin-resource-policy":"same-origin","origin-agent-cluster":"?1","referrer-policy":"no-referrer","strict-transport-security":"max-age=31536000; includeSubDomains","x-content-type-options":"nosniff","x-dns-prefetch-control":"off","x-download-options":"noopen","x-frame-options":"SAMEORIGIN","x-permitted-cross-domain-policies":"none","x-xss-protection":"0","access-control-allow-origin":"*","content-type":"application/json; charset=utf-8","content-length":"554","etag":"W/\"22a-iRU1whAmg4YOQ3Hsz9L/kjWB91o\""}},"responseTime":29,"msg":"request completed"}
{"level":30,"time":1770852634578,"pid":21480,"hostname":"DESKTOP-3834FTC","req":{"id":"7b068353-ca61-45fa-8295-54d17070363c","method":"GET","url":"/api/notifications/unread-count","query":{},"params":{},"headers":{"host":"127.0.0.1:58146","accept-encoding":"gzip, deflate","authorization":"Bearer eyJhbGciOiJIUzI1NiIsInR5cCI6IkpXVCJ9.eyJzdWIiOiJub3RpZmljYXRpb25fc3R1ZGVudF8wMDEiLCJyb2xlIjoic3R1ZGVudCIsInR5cGUiOiJhY2Nlc3MiLCJpYXQiOjE3NzA4NTI2MzQsImV4cCI6MTc3MTQ1NzQzNH0.W6cUsDXF0dlksYrP0r7DOdJXd8e17R_3hHsT4WF_5Fg","connection":"close"},"remoteAddress":"::ffff:127.0.0.1","remotePort":58147},"mode":"normal","res":{"statusCode":200,"headers":{"content-security-policy":"default-src 'self';base-uri 'self';font-src 'self' https: data:;form-action 'self';frame-ancestors 'self';img-src 'self' data:;object-src 'none';script-src 'self';script-src-attr 'none';style-src 'self' https: 'unsafe-inline';upgrade-insecure-requests","cross-origin-opener-policy":"same-origin","cross-origin-resource-policy":"same-origin","origin-agent-cluster":"?1","referrer-policy":"no-referrer","strict-transport-security":"max-age=31536000; includeSubDomains","x-content-type-options":"nosniff","x-dns-prefetch-control":"off","x-download-options":"noopen","x-frame-options":"SAMEORIGIN","x-permitted-cross-domain-policies":"none","x-xss-protection":"0","access-control-allow-origin":"*","content-type":"application/json; charset=utf-8","content-length":"83","etag":"W/\"53-eGOCO+HJ2RvQNTOSNqHCOuHlPvs\""}},"responseTime":5,"msg":"request completed"}
{"level":30,"time":1770852634598,"pid":21480,"hostname":"DESKTOP-3834FTC","req":{"id":"3b5a726b-72ed-4934-be09-9756097daf0c","method":"GET","url":"/api/notifications/unread-count","query":{},"params":{},"headers":{"host":"127.0.0.1:58148","accept-encoding":"gzip, deflate","authorization":"Bearer eyJhbGciOiJIUzI1NiIsInR5cCI6IkpXVCJ9.eyJzdWIiOiJub3RpZmljYXRpb25fc3R1ZGVudF8wMDEiLCJyb2xlIjoic3R1ZGVudCIsInR5cGUiOiJhY2Nlc3MiLCJpYXQiOjE3NzA4NTI2MzQsImV4cCI6MTc3MTQ1NzQzNH0.W6cUsDXF0dlksYrP0r7DOdJXd8e17R_3hHsT4WF_5Fg","connection":"close"},"remoteAddress":"::ffff:127.0.0.1","remotePort":58149},"mode":"normal","res":{"statusCode":200,"headers":{"content-security-policy":"default-src 'self';base-uri 'self';font-src 'self' https: data:;form-action 'self';frame-ancestors 'self';img-src 'self' data:;object-src 'none';script-src 'self';script-src-attr 'none';style-src 'self' https: 'unsafe-inline';upgrade-insecure-requests","cross-origin-opener-policy":"same-origin","cross-origin-resource-policy":"same-origin","origin-agent-cluster":"?1","referrer-policy":"no-referrer","strict-transport-security":"max-age=31536000; includeSubDomains","x-content-type-options":"nosniff","x-dns-prefetch-control":"off","x-download-options":"noopen","x-frame-options":"SAMEORIGIN","x-permitted-cross-domain-policies":"none","x-xss-protection":"0","access-control-allow-origin":"*","content-type":"application/json; charset=utf-8","content-length":"83","etag":"W/\"53-nJH+3rEgAVj71mpIJqbCCN6x+Lc\""}},"responseTime":3,"msg":"request completed"}
{"level":30,"time":1770852634618,"pid":21480,"hostname":"DESKTOP-3834FTC","req":{"id":"f18d350a-6870-488b-ba80-d61840b65dca","method":"POST","url":"/api/notifications/read","query":{},"params":{},"headers":{"host":"127.0.0.1:58150","accept-encoding":"gzip, deflate","authorization":"Bearer eyJhbGciOiJIUzI1NiIsInR5cCI6IkpXVCJ9.eyJzdWIiOiJub3RpZmljYXRpb25fc3R1ZGVudF8wMDEiLCJyb2xlIjoic3R1ZGVudCIsInR5cGUiOiJhY2Nlc3MiLCJpYXQiOjE3NzA4NTI2MzQsImV4cCI6MTc3MTQ1NzQzNH0.W6cUsDXF0dlksYrP0r7DOdJXd8e17R_3hHsT4WF_5Fg","content-type":"application/json","content-length":"65","connection":"close"},"remoteAddress":"::ffff:127.0.0.1","remotePort":58151},"mode":"normal","res":{"statusCode":200,"headers":{"content-security-policy":"default-src 'self';base-uri 'self';font-src 'self' https: data:;form-action 'self';frame-ancestors 'self';img-src 'self' data:;object-src 'none';script-src 'self';script-src-attr 'none';style-src 'self' https: 'unsafe-inline';upgrade-insecure-requests","cross-origin-opener-policy":"same-origin","cross-origin-resource-policy":"same-origin","origin-agent-cluster":"?1","referrer-policy":"no-referrer","strict-transport-security":"max-age=31536000; includeSubDomains","x-content-type-options":"nosniff","x-dns-prefetch-control":"off","x-download-options":"noopen","x-frame-options":"SAMEORIGIN","x-permitted-cross-domain-policies":"none","x-xss-protection":"0","access-control-allow-origin":"*","content-type":"application/json; charset=utf-8","content-length":"99","etag":"W/\"63-pWhmmXBNWd3vLfytcF+aDreMyCI\""}},"responseTime":6,"msg":"request completed"}
{"level":30,"time":1770852634625,"pid":21480,"hostname":"DESKTOP-3834FTC","req":{"id":"7fbf79c6-6a02-4198-9b3f-f4d320c233bb","method":"GET","url":"/api/notifications/unread-count","query":{},"params":{},"headers":{"host":"127.0.0.1:58152","accept-encoding":"gzip, deflate","authorization":"Bearer eyJhbGciOiJIUzI1NiIsInR5cCI6IkpXVCJ9.eyJzdWIiOiJub3RpZmljYXRpb25fc3R1ZGVudF8wMDEiLCJyb2xlIjoic3R1ZGVudCIsInR5cGUiOiJhY2Nlc3MiLCJpYXQiOjE3NzA4NTI2MzQsImV4cCI6MTc3MTQ1NzQzNH0.W6cUsDXF0dlksYrP0r7DOdJXd8e17R_3hHsT4WF_5Fg","connection":"close"},"remoteAddress":"::ffff:127.0.0.1","remotePort":58153},"mode":"normal","res":{"statusCode":200,"headers":{"content-security-policy":"default-src 'self';base-uri 'self';font-src 'self' https: data:;form-action 'self';frame-ancestors 'self';img-src 'self' data:;object-src 'none';script-src 'self';script-src-attr 'none';style-src 'self' https: 'unsafe-inline';upgrade-insecure-requests","cross-origin-opener-policy":"same-origin","cross-origin-resource-policy":"same-origin","origin-agent-cluster":"?1","referrer-policy":"no-referrer","strict-transport-security":"max-age=31536000; includeSubDomains","x-content-type-options":"nosniff","x-dns-prefetch-control":"off","x-download-options":"noopen","x-frame-options":"SAMEORIGIN","x-permitted-cross-domain-policies":"none","x-xss-protection":"0","access-control-allow-origin":"*","content-type":"application/json; charset=utf-8","content-length":"83","etag":"W/\"53-RsWQf1ji342kUE9dc7FTByfHtWo\""}},"responseTime":3,"msg":"request completed"}
{"level":30,"time":1770852634640,"pid":21480,"hostname":"DESKTOP-3834FTC","req":{"id":"2e7b64df-6338-4111-adb8-dec193ee9e19","method":"GET","url":"/api/notifications/unread-count","query":{},"params":{},"headers":{"host":"127.0.0.1:58154","accept-encoding":"gzip, deflate","authorization":"Bearer eyJhbGciOiJIUzI1NiIsInR5cCI6IkpXVCJ9.eyJzdWIiOiJub3RpZmljYXRpb25fc3R1ZGVudF8wMDEiLCJyb2xlIjoic3R1ZGVudCIsInR5cGUiOiJhY2Nlc3MiLCJpYXQiOjE3NzA4NTI2MzQsImV4cCI6MTc3MTQ1NzQzNH0.W6cUsDXF0dlksYrP0r7DOdJXd8e17R_3hHsT4WF_5Fg","connection":"close"},"remoteAddress":"::ffff:127.0.0.1","remotePort":58156},"mode":"normal","res":{"statusCode":200,"headers":{"content-security-policy":"default-src 'self';base-uri 'self';font-src 'self' https: data:;form-action 'self';frame-ancestors 'self';img-src 'self' data:;object-src 'none';script-src 'self';script-src-attr 'none';style-src 'self' https: 'unsafe-inline';upgrade-insecure-requests","cross-origin-opener-policy":"same-origin","cross-origin-resource-policy":"same-origin","origin-agent-cluster":"?1","referrer-policy":"no-referrer","strict-transport-security":"max-age=31536000; includeSubDomains","x-content-type-options":"nosniff","x-dns-prefetch-control":"off","x-download-options":"noopen","x-frame-options":"SAMEORIGIN","x-permitted-cross-domain-policies":"none","x-xss-protection":"0","access-control-allow-origin":"*","content-type":"application/json; charset=utf-8","content-length":"83","etag":"W/\"53-M8d/mIPUIx7vURc0fXSaE4Ivg10\""}},"responseTime":3,"msg":"request completed"}
{"level":50,"time":1770852634656,"pid":21480,"hostname":"DESKTOP-3834FTC","req":{"id":"c76e3ecc-1e35-46e1-ae8d-9c38dcf6a308","method":"POST","url":"/api/notifications/read","query":{},"params":{},"headers":{"host":"127.0.0.1:58157","accept-encoding":"gzip, deflate","authorization":"Bearer eyJhbGciOiJIUzI1NiIsInR5cCI6IkpXVCJ9.eyJzdWIiOiJub3RpZmljYXRpb25fc3R1ZGVudF8wMDEiLCJyb2xlIjoic3R1ZGVudCIsInR5cGUiOiJhY2Nlc3MiLCJpYXQiOjE3NzA4NTI2MzQsImV4cCI6MTc3MTQ1NzQzNH0.W6cUsDXF0dlksYrP0r7DOdJXd8e17R_3hHsT4WF_5Fg","content-type":"application/json","content-length":"10","connection":"close"},"remoteAddress":"::ffff:127.0.0.1","remotePort":58158},"mode":"normal","type":"app_error","status":400,"code":400,"error":"VALIDATION_ERROR","path":"/api/notifications/read","method":"POST","mode":"normal","stack":"Error: 参数验证失败\n    at C:\\Users\\Administrator\\Downloads\\zsxq-4\\backend\\src\\routes\\notification.routes.ts:146:15\n    at Layer.handle [as handle_request] (C:\\Users\\Administrator\\Downloads\\zsxq-4\\backend\\node_modules\\express\\lib\\router\\layer.js:95:5)\n    at next (C:\\Users\\Administrator\\Downloads\\zsxq-4\\backend\\node_modules\\express\\lib\\router\\route.js:149:13)\n    at next (C:\\Users\\Administrator\\Downloads\\zsxq-4\\backend\\src\\middlewares\\auth.middleware.ts:35:12)\n    at Layer.handle [as handle_request] (C:\\Users\\Administrator\\Downloads\\zsxq-4\\backend\\node_modules\\express\\lib\\router\\layer.js:95:5)\n    at next (C:\\Users\\Administrator\\Downloads\\zsxq-4\\backend\\node_modules\\express\\lib\\router\\route.js:149:13)\n    at Route.dispatch (C:\\Users\\Administrator\\Downloads\\zsxq-4\\backend\\node_modules\\express\\lib\\router\\route.js:119:3)\n    at Layer.handle [as handle_request] (C:\\Users\\Administrator\\Downloads\\zsxq-4\\backend\\node_modules\\express\\lib\\router\\layer.js:95:5)\n    at C:\\Users\\Administrator\\Downloads\\zsxq-4\\backend\\node_modules\\express\\lib\\router\\index.js:284:15\n    at Function.process_params (C:\\Users\\Administrator\\Downloads\\zsxq-4\\backend\\node_modules\\express\\lib\\router\\index.js:346:12)\n    at next (C:\\Users\\Administrator\\Downloads\\zsxq-4\\backend\\node_modules\\express\\lib\\router\\index.js:280:10)\n    at Function.handle (C:\\Users\\Administrator\\Downloads\\zsxq-4\\backend\\node_modules\\express\\lib\\router\\index.js:175:3)\n    at router (C:\\Users\\Administrator\\Downloads\\zsxq-4\\backend\\node_modules\\express\\lib\\router\\index.js:47:12)\n    at Layer.handle [as handle_request] (C:\\Users\\Administrator\\Downloads\\zsxq-4\\backend\\node_modules\\express\\lib\\router\\layer.js:95:5)\n    at trim_prefix (C:\\Users\\Administrator\\Downloads\\zsxq-4\\backend\\node_modules\\express\\lib\\router\\index.js:328:13)\n    at C:\\Users\\Administrator\\Downloads\\zsxq-4\\backend\\node_modules\\express\\lib\\router\\index.js:286:9\n    at Function.process_params (C:\\Users\\Administrator\\Downloads\\zsxq-4\\backend\\node_modules\\express\\lib\\router\\index.js:346:12)\n    at next (C:\\Users\\Administrator\\Downloads\\zsxq-4\\backend\\node_modules\\express\\lib\\router\\index.js:280:10)\n    at loggingMiddleware (C:\\Users\\Administrator\\Downloads\\zsxq-4\\backend\\node_modules\\pino-http\\logger.js:206:7)\n    at result (C:\\Users\\Administrator\\Downloads\\zsxq-4\\backend\\node_modules\\pino-http\\logger.js:90:12)\n    at Layer.handle [as handle_request] (C:\\Users\\Administrator\\Downloads\\zsxq-4\\backend\\node_modules\\express\\lib\\router\\layer.js:95:5)\n    at trim_prefix (C:\\Users\\Administrator\\Downloads\\zsxq-4\\backend\\node_modules\\express\\lib\\router\\index.js:328:13)\n    at C:\\Users\\Administrator\\Downloads\\zsxq-4\\backend\\node_modules\\express\\lib\\router\\index.js:286:9\n    at Function.process_params (C:\\Users\\Administrator\\Downloads\\zsxq-4\\backend\\node_modules\\express\\lib\\router\\index.js:346:12)\n    at next (C:\\Users\\Administrator\\Downloads\\zsxq-4\\backend\\node_modules\\express\\lib\\router\\index.js:280:10)\n    at C:\\Users\\Administrator\\Downloads\\zsxq-4\\backend\\node_modules\\body-parser\\lib\\read.js:137:5\n    at AsyncResource.runInAsyncScope (node:async_hooks:206:9)\n    at invokeCallback (C:\\Users\\Administrator\\Downloads\\zsxq-4\\backend\\node_modules\\raw-body\\index.js:238:16)\n    at done (C:\\Users\\Administrator\\Downloads\\zsxq-4\\backend\\node_modules\\raw-body\\index.js:227:7)\n    at IncomingMessage.onEnd (C:\\Users\\Administrator\\Downloads\\zsxq-4\\backend\\node_modules\\raw-body\\index.js:287:7)\n    at IncomingMessage.emit (node:events:518:28)\n    at endReadableNT (node:internal/streams/readable:1698:12)\n    at processTicksAndRejections (node:internal/process/task_queues:82:21)","msg":"Http request error"}
{"level":30,"time":1770852634657,"pid":21480,"hostname":"DESKTOP-3834FTC","req":{"id":"c76e3ecc-1e35-46e1-ae8d-9c38dcf6a308","method":"POST","url":"/api/notifications/read","query":{},"params":{},"headers":{"host":"127.0.0.1:58157","accept-encoding":"gzip, deflate","authorization":"Bearer eyJhbGciOiJIUzI1NiIsInR5cCI6IkpXVCJ9.eyJzdWIiOiJub3RpZmljYXRpb25fc3R1ZGVudF8wMDEiLCJyb2xlIjoic3R1ZGVudCIsInR5cGUiOiJhY2Nlc3MiLCJpYXQiOjE3NzA4NTI2MzQsImV4cCI6MTc3MTQ1NzQzNH0.W6cUsDXF0dlksYrP0r7DOdJXd8e17R_3hHsT4WF_5Fg","content-type":"application/json","content-length":"10","connection":"close"},"remoteAddress":"::ffff:127.0.0.1","remotePort":58158},"mode":"normal","res":{"statusCode":400,"headers":{"content-security-policy":"default-src 'self';base-uri 'self';font-src 'self' https: data:;form-action 'self';frame-ancestors 'self';img-src 'self' data:;object-src 'none';script-src 'self';script-src-attr 'none';style-src 'self' https: 'unsafe-inline';upgrade-insecure-requests","cross-origin-opener-policy":"same-origin","cross-origin-resource-policy":"same-origin","origin-agent-cluster":"?1","referrer-policy":"no-referrer","strict-transport-security":"max-age=31536000; includeSubDomains","x-content-type-options":"nosniff","x-dns-prefetch-control":"off","x-download-options":"noopen","x-frame-options":"SAMEORIGIN","x-permitted-cross-domain-policies":"none","x-xss-protection":"0","access-control-allow-origin":"*","content-type":"application/json; charset=utf-8","content-length":"179","etag":"W/\"b3-RG1/687ClWB9iLbpPbYDvLz3KLI\""}},"responseTime":14,"msg":"request completed"}
FAIL src/tests/integration/notification.api.spec.ts
  ● Notification API › should mark all unread notifications as read when ids is empty array (NOTIFICATION-API-004)

    expect(received).toBe(expected) // Object.is equality

    Expected: 200
    Received: 400

    [0m [90m 225 |[39m       [33m.[39msend({ ids[33m:[39m [] })[33m;[39m
     [90m 226 |[39m
    [31m[1m>[22m[39m[90m 227 |[39m     expect(markRes[33m.[39mstatus)[33m.[39mtoBe([35m200[39m)[33m;[39m
     [90m     |[39m                            [31m[1m^[22m[39m
     [90m 228 |[39m     expect(markRes[33m.[39mbody[33m.[39mcode)[33m.[39mtoBe([35m200[39m)[33m;[39m
     [90m 229 |[39m     expect(markRes[33m.[39mbody[33m.[39mdata[33m.[39msuccess)[33m.[39mtoBe([36mtrue[39m)[33m;[39m
     [90m 230 |[39m     expect(markRes[33m.[39mbody[33m.[39mdata[33m.[39mupdatedCount)[33m.[39mtoBeGreaterThanOrEqual(beforeCount)[33m;[39m[0m

      at Object.<anonymous> (src/tests/integration/notification.api.spec.ts:227:28)

{"level":30,"time":1770852634679,"pid":21480,"hostname":"DESKTOP-3834FTC","req":{"id":"23c2ea5c-19b2-425d-a6e9-16cc469af98d","method":"POST","url":"/api/notifications/read","query":{},"params":{},"headers":{"host":"127.0.0.1:58160","accept-encoding":"gzip, deflate","authorization":"Bearer eyJhbGciOiJIUzI1NiIsInR5cCI6IkpXVCJ9.eyJzdWIiOiJub3RpZmljYXRpb25fc3R1ZGVudF8wMDEiLCJyb2xlIjoic3R1ZGVudCIsInR5cGUiOiJhY2Nlc3MiLCJpYXQiOjE3NzA4NTI2MzQsImV4cCI6MTc3MTQ1NzQzNH0.W6cUsDXF0dlksYrP0r7DOdJXd8e17R_3hHsT4WF_5Fg","content-type":"application/json","content-length":"65","connection":"close"},"remoteAddress":"::ffff:127.0.0.1","remotePort":58161},"mode":"normal","res":{"statusCode":200,"headers":{"content-security-policy":"default-src 'self';base-uri 'self';font-src 'self' https: data:;form-action 'self';frame-ancestors 'self';img-src 'self' data:;object-src 'none';script-src 'self';script-src-attr 'none';style-src 'self' https: 'unsafe-inline';upgrade-insecure-requests","cross-origin-opener-policy":"same-origin","cross-origin-resource-policy":"same-origin","origin-agent-cluster":"?1","referrer-policy":"no-referrer","strict-transport-security":"max-age=31536000; includeSubDomains","x-content-type-options":"nosniff","x-dns-prefetch-control":"off","x-download-options":"noopen","x-frame-options":"SAMEORIGIN","x-permitted-cross-domain-policies":"none","x-xss-protection":"0","access-control-allow-origin":"*","content-type":"application/json; charset=utf-8","content-length":"99","etag":"W/\"63-T+JsH3UArMVFAxVgqw1lLHYw5g8\""}},"responseTime":6,"msg":"request completed"}
{"level":30,"time":1770852636491,"pid":21480,"hostname":"DESKTOP-3834FTC","feature":"ai-audit","type":"question","contentPreview":"链路测试问题：审核后通知学生\n\n这是一个用于测试“提问→审核→通知”链路的问题。","result":{"safe":true,"quality":{"clear":true}},"msg":"AI audit completed"}
{"level":30,"time":1770852636497,"pid":21480,"hostname":"DESKTOP-3834FTC","req":{"id":"059ba4ee-af5e-42af-8705-9e731a3d1c59","method":"POST","url":"/api/questions","query":{},"params":{},"headers":{"host":"127.0.0.1:58163","accept-encoding":"gzip, deflate","authorization":"Bearer eyJhbGciOiJIUzI1NiIsInR5cCI6IkpXVCJ9.eyJzdWIiOiJmbG93X3N0dWRlbnRfMDAxIiwicm9sZSI6InN0dWRlbnQiLCJ0eXBlIjoiYWNjZXNzIiwiaWF0IjoxNzcwODUyNjM0LCJleHAiOjE3NzE0NTc0MzR9.4VW8FpJDUQ2j5InaEdaMqHgtHF6G-Ul7TyeV_C47FtA","content-type":"application/json","content-length":"183","connection":"close"},"remoteAddress":"::ffff:127.0.0.1","remotePort":58164},"mode":"normal","res":{"statusCode":201,"headers":{"content-security-policy":"default-src 'self';base-uri 'self';font-src 'self' https: data:;form-action 'self';frame-ancestors 'self';img-src 'self' data:;object-src 'none';script-src 'self';script-src-attr 'none';style-src 'self' https: 'unsafe-inline';upgrade-insecure-requests","cross-origin-opener-policy":"same-origin","cross-origin-resource-policy":"same-origin","origin-agent-cluster":"?1","referrer-policy":"no-referrer","strict-transport-security":"max-age=31536000; includeSubDomains","x-content-type-options":"nosniff","x-dns-prefetch-control":"off","x-download-options":"noopen","x-frame-options":"SAMEORIGIN","x-permitted-cross-domain-policies":"none","x-xss-protection":"0","access-control-allow-origin":"*","content-type":"application/json; charset=utf-8","content-length":"518","etag":"W/\"206-yCAgpNMZ14nqGb+xFzKRc71crqI\""}},"responseTime":1524,"msg":"request completed"}
{"level":30,"time":1770852636528,"pid":21480,"hostname":"DESKTOP-3834FTC","req":{"id":"c7b6927f-aa89-4a0b-b006-9f1782bfcab1","method":"GET","url":"/api/admin/audit/pending?type=question&page=1&pageSize=20","query":{"type":"question","page":"1","pageSize":"20"},"params":{},"headers":{"host":"127.0.0.1:58170","accept-encoding":"gzip, deflate","authorization":"Bearer eyJhbGciOiJIUzI1NiIsInR5cCI6IkpXVCJ9.eyJzdWIiOiJmbG93X3RlYWNoZXJfMDAxIiwicm9sZSI6InRlYWNoZXIiLCJ0eXBlIjoiYWNjZXNzIiwiaWF0IjoxNzcwODUyNjM0LCJleHAiOjE3NzE0NTc0MzR9.rgdubNwCnnEO__ffwMe-yd0w4yfVGsX5WB59oZ4dFcI","connection":"close"},"remoteAddress":"::ffff:127.0.0.1","remotePort":58171},"mode":"normal","res":{"statusCode":200,"headers":{"content-security-policy":"default-src 'self';base-uri 'self';font-src 'self' https: data:;form-action 'self';frame-ancestors 'self';img-src 'self' data:;object-src 'none';script-src 'self';script-src-attr 'none';style-src 'self' https: 'unsafe-inline';upgrade-insecure-requests","cross-origin-opener-policy":"same-origin","cross-origin-resource-policy":"same-origin","origin-agent-cluster":"?1","referrer-policy":"no-referrer","strict-transport-security":"max-age=31536000; includeSubDomains","x-content-type-options":"nosniff","x-dns-prefetch-control":"off","x-download-options":"noopen","x-frame-options":"SAMEORIGIN","x-permitted-cross-domain-policies":"none","x-xss-protection":"0","access-control-allow-origin":"*","content-type":"application/json; charset=utf-8","content-length":"598","etag":"W/\"256-jKXSHjTM3OihPeo3fUx5af93i3Q\""}},"responseTime":24,"msg":"request completed"}
{"level":30,"time":1770852636546,"pid":21480,"hostname":"DESKTOP-3834FTC","req":{"id":"f083fc1c-9f25-4d62-a1c5-60ada6a1393d","method":"POST","url":"/api/admin/audit/cmlinxr9o000dtlkojol3yuhq/approve","query":{},"params":{},"headers":{"host":"127.0.0.1:58174","accept-encoding":"gzip, deflate","authorization":"Bearer eyJhbGciOiJIUzI1NiIsInR5cCI6IkpXVCJ9.eyJzdWIiOiJmbG93X3RlYWNoZXJfMDAxIiwicm9sZSI6InRlYWNoZXIiLCJ0eXBlIjoiYWNjZXNzIiwiaWF0IjoxNzcwODUyNjM0LCJleHAiOjE3NzE0NTc0MzR9.rgdubNwCnnEO__ffwMe-yd0w4yfVGsX5WB59oZ4dFcI","content-type":"application/json","content-length":"95","connection":"close"},"remoteAddress":"::ffff:127.0.0.1","remotePort":58175},"mode":"normal","res":{"statusCode":200,"headers":{"content-security-policy":"default-src 'self';base-uri 'self';font-src 'self' https: data:;form-action 'self';frame-ancestors 'self';img-src 'self' data:;object-src 'none';script-src 'self';script-src-attr 'none';style-src 'self' https: 'unsafe-inline';upgrade-insecure-requests","cross-origin-opener-policy":"same-origin","cross-origin-resource-policy":"same-origin","origin-agent-cluster":"?1","referrer-policy":"no-referrer","strict-transport-security":"max-age=31536000; includeSubDomains","x-content-type-options":"nosniff","x-dns-prefetch-control":"off","x-download-options":"noopen","x-frame-options":"SAMEORIGIN","x-permitted-cross-domain-policies":"none","x-xss-protection":"0","access-control-allow-origin":"*","content-type":"application/json; charset=utf-8","content-length":"285","etag":"W/\"11d-nXbWWgba7XGxvGBqZmehRwtAr3I\""}},"responseTime":14,"msg":"request completed"}
{"level":30,"time":1770852636556,"pid":21480,"hostname":"DESKTOP-3834FTC","req":{"id":"9ac21759-705f-4b59-aabd-519a551f211e","method":"GET","url":"/api/notifications/unread-count","query":{},"params":{},"headers":{"host":"127.0.0.1:58176","accept-encoding":"gzip, deflate","authorization":"Bearer eyJhbGciOiJIUzI1NiIsInR5cCI6IkpXVCJ9.eyJzdWIiOiJmbG93X3N0dWRlbnRfMDAxIiwicm9sZSI6InN0dWRlbnQiLCJ0eXBlIjoiYWNjZXNzIiwiaWF0IjoxNzcwODUyNjM0LCJleHAiOjE3NzE0NTc0MzR9.4VW8FpJDUQ2j5InaEdaMqHgtHF6G-Ul7TyeV_C47FtA","connection":"close"},"remoteAddress":"::ffff:127.0.0.1","remotePort":58177},"mode":"normal","res":{"statusCode":200,"headers":{"content-security-policy":"default-src 'self';base-uri 'self';font-src 'self' https: data:;form-action 'self';frame-ancestors 'self';img-src 'self' data:;object-src 'none';script-src 'self';script-src-attr 'none';style-src 'self' https: 'unsafe-inline';upgrade-insecure-requests","cross-origin-opener-policy":"same-origin","cross-origin-resource-policy":"same-origin","origin-agent-cluster":"?1","referrer-policy":"no-referrer","strict-transport-security":"max-age=31536000; includeSubDomains","x-content-type-options":"nosniff","x-dns-prefetch-control":"off","x-download-options":"noopen","x-frame-options":"SAMEORIGIN","x-permitted-cross-domain-policies":"none","x-xss-protection":"0","access-control-allow-origin":"*","content-type":"application/json; charset=utf-8","content-length":"83","etag":"W/\"53-uDjQ3N6tupPYfJLDJNSpQ9dGPsg\""}},"responseTime":4,"msg":"request completed"}
{"level":30,"time":1770852636565,"pid":21480,"hostname":"DESKTOP-3834FTC","req":{"id":"3582f1cd-ac06-4403-8f33-c994514c3bfa","method":"GET","url":"/api/notifications?page=1&limit=10","query":{"page":"1","limit":"10"},"params":{},"headers":{"host":"127.0.0.1:58178","accept-encoding":"gzip, deflate","authorization":"Bearer eyJhbGciOiJIUzI1NiIsInR5cCI6IkpXVCJ9.eyJzdWIiOiJmbG93X3N0dWRlbnRfMDAxIiwicm9sZSI6InN0dWRlbnQiLCJ0eXBlIjoiYWNjZXNzIiwiaWF0IjoxNzcwODUyNjM0LCJleHAiOjE3NzE0NTc0MzR9.4VW8FpJDUQ2j5InaEdaMqHgtHF6G-Ul7TyeV_C47FtA","connection":"close"},"remoteAddress":"::ffff:127.0.0.1","remotePort":58179},"mode":"normal","res":{"statusCode":200,"headers":{"content-security-policy":"default-src 'self';base-uri 'self';font-src 'self' https: data:;form-action 'self';frame-ancestors 'self';img-src 'self' data:;object-src 'none';script-src 'self';script-src-attr 'none';style-src 'self' https: 'unsafe-inline';upgrade-insecure-requests","cross-origin-opener-policy":"same-origin","cross-origin-resource-policy":"same-origin","origin-agent-cluster":"?1","referrer-policy":"no-referrer","strict-transport-security":"max-age=31536000; includeSubDomains","x-content-type-options":"nosniff","x-dns-prefetch-control":"off","x-download-options":"noopen","x-frame-options":"SAMEORIGIN","x-permitted-cross-domain-policies":"none","x-xss-protection":"0","access-control-allow-origin":"*","content-type":"application/json; charset=utf-8","content-length":"392","etag":"W/\"188-7IOehdZsEasrUFoX3hPkHLi4AQk\""}},"responseTime":6,"msg":"request completed"}
{"level":30,"time":1770852638428,"pid":21480,"hostname":"DESKTOP-3834FTC","feature":"ai-audit","type":"question","contentPreview":"TEA 链路测试问题：审核 + 回答\n\n用于验证“提问 → 教师审核 → 教师回答 → 通知”的完整","result":{"safe":true,"quality":{"clear":true}},"msg":"AI audit completed"}
{"level":30,"time":1770852638433,"pid":21480,"hostname":"DESKTOP-3834FTC","req":{"id":"ac8bd684-9c81-4df4-8c64-acd82d610fd1","method":"POST","url":"/api/questions","query":{},"params":{},"headers":{"host":"127.0.0.1:58180","accept-encoding":"gzip, deflate","authorization":"Bearer eyJhbGciOiJIUzI1NiIsInR5cCI6IkpXVCJ9.eyJzdWIiOiJmbG93X3N0dWRlbnRfMDAxIiwicm9sZSI6InN0dWRlbnQiLCJ0eXBlIjoiYWNjZXNzIiwiaWF0IjoxNzcwODUyNjM0LCJleHAiOjE3NzE0NTc0MzR9.4VW8FpJDUQ2j5InaEdaMqHgtHF6G-Ul7TyeV_C47FtA","content-type":"application/json","content-length":"202","connection":"close"},"remoteAddress":"::ffff:127.0.0.1","remotePort":58181},"mode":"normal","res":{"statusCode":201,"headers":{"content-security-policy":"default-src 'self';base-uri 'self';font-src 'self' https: data:;form-action 'self';frame-ancestors 'self';img-src 'self' data:;object-src 'none';script-src 'self';script-src-attr 'none';style-src 'self' https: 'unsafe-inline';upgrade-insecure-requests","cross-origin-opener-policy":"same-origin","cross-origin-resource-policy":"same-origin","origin-agent-cluster":"?1","referrer-policy":"no-referrer","strict-transport-security":"max-age=31536000; includeSubDomains","x-content-type-options":"nosniff","x-dns-prefetch-control":"off","x-download-options":"noopen","x-frame-options":"SAMEORIGIN","x-permitted-cross-domain-policies":"none","x-xss-protection":"0","access-control-allow-origin":"*","content-type":"application/json; charset=utf-8","content-length":"537","etag":"W/\"219-VgqvQxnqRu439oHv5ePmfF7PD4I\""}},"responseTime":1839,"msg":"request completed"}
{"level":30,"time":1770852638450,"pid":21480,"hostname":"DESKTOP-3834FTC","req":{"id":"6c8d8e9a-0780-4bda-8f35-eb1a86fb92fa","method":"POST","url":"/api/admin/audit/cmlinxsrh000gtlko3q4ynk5g/approve","query":{},"params":{},"headers":{"host":"127.0.0.1:58182","accept-encoding":"gzip, deflate","authorization":"Bearer eyJhbGciOiJIUzI1NiIsInR5cCI6IkpXVCJ9.eyJzdWIiOiJmbG93X3RlYWNoZXJfMDAxIiwicm9sZSI6InRlYWNoZXIiLCJ0eXBlIjoiYWNjZXNzIiwiaWF0IjoxNzcwODUyNjM0LCJleHAiOjE3NzE0NTc0MzR9.rgdubNwCnnEO__ffwMe-yd0w4yfVGsX5WB59oZ4dFcI","content-type":"application/json","content-length":"101","connection":"close"},"remoteAddress":"::ffff:127.0.0.1","remotePort":58183},"mode":"normal","res":{"statusCode":200,"headers":{"content-security-policy":"default-src 'self';base-uri 'self';font-src 'self' https: data:;form-action 'self';frame-ancestors 'self';img-src 'self' data:;object-src 'none';script-src 'self';script-src-attr 'none';style-src 'self' https: 'unsafe-inline';upgrade-insecure-requests","cross-origin-opener-policy":"same-origin","cross-origin-resource-policy":"same-origin","origin-agent-cluster":"?1","referrer-policy":"no-referrer","strict-transport-security":"max-age=31536000; includeSubDomains","x-content-type-options":"nosniff","x-dns-prefetch-control":"off","x-download-options":"noopen","x-frame-options":"SAMEORIGIN","x-permitted-cross-domain-policies":"none","x-xss-protection":"0","access-control-allow-origin":"*","content-type":"application/json; charset=utf-8","content-length":"291","etag":"W/\"123-Hzh2qXpSVrnmG6GT8QdCPJZfru8\""}},"responseTime":10,"msg":"request completed"}
PASS src/tests/integration/flow-question-audit-notification.api.spec.ts (6.422 s)
--------------------------------------|---------|----------|---------|---------|----------------------------------------------------------------------------------------------------------
File                                  | % Stmts | % Branch | % Funcs | % Lines | Uncovered Line #s                                                                                        
--------------------------------------|---------|----------|---------|---------|----------------------------------------------------------------------------------------------------------
All files                             |   29.58 |    12.85 |    20.5 |   29.56 |                                                                                                          
 src                                  |   98.14 |       50 |      50 |   98.11 |                                                                                                          
  app.ts                              |   98.14 |       50 |      50 |   98.11 | 45                                                                                                       
 src/config                           |     100 |      100 |     100 |     100 |                                                                                                          
  database.ts                         |     100 |      100 |     100 |     100 |                                                                                                          
  env.ts                              |     100 |      100 |     100 |     100 |                                                                                                          
 src/errors                           |     100 |      100 |     100 |     100 |                                                                                                          
  AppError.ts                         |     100 |      100 |     100 |     100 |                                                                                                          
 src/middlewares                      |   75.82 |    49.05 |     100 |   74.71 |                                                                                                          
  auth.middleware.ts                  |   73.07 |       25 |     100 |      72 | 23,29,37-42,50,54                                                                                        
  error.middleware.ts                 |   66.66 |    59.09 |     100 |   65.62 | 55,87-102,136-176                                                                                        
  logger.middleware.ts                |   94.44 |       60 |     100 |   94.11 | 36                                                                                                       
  membership.middleware.ts            |   78.57 |       60 |     100 |   76.92 | 12,23,35                                                                                                 
 src/routes                           |   28.32 |     5.27 |   10.84 |   28.37 |                                                                                                          
  admin-audit.routes.ts               |   46.29 |    28.57 |      40 |   46.29 | 28,53,68,102-127,136-167,176-207,216-233                                                                 
  admin-class-hours.routes.ts         |   30.76 |        0 |       0 |   30.76 | 25-35,43-84                                                                                              
  admin-question-dimensions.routes.ts |   22.72 |        0 |       0 |   22.72 | 26-52,61-97,106-151,160-197                                                                              
  admin-whitelist.routes.ts           |      30 |        0 |       0 |      30 | 24-50,58-83,91-107,115-128                                                                               
  answer.routes.ts                    |   55.55 |      100 |       0 |   55.55 | 16-29                                                                                                    
  auth.routes.ts                      |   22.03 |        0 |       0 |   22.03 | 14-24,32-42,50-63,71-101,109-123,131-144,153-162,171-180,188-205                                         
  behavior.routes.ts                  |      25 |        0 |       0 |      25 | 20-113                                                                                                   
  comment.routes.ts                   |   34.61 |        0 |       0 |   34.61 | 20-71,81-94                                                                                              
  config.routes.ts                    |      40 |      100 |       0 |      40 | 11-34                                                                                                    
  interaction.routes.ts               |      25 |        0 |       0 |      25 | 27-84,93-140                                                                                             
  internal.routes.ts                  |   10.38 |        0 |       0 |   10.66 | 14-183,192-273                                                                                           
  notification.routes.ts              |   54.54 |    46.66 |    62.5 |   53.84 | 18,60,72,88,98-127,139,183-202,212-235                                                                   
  parent.routes.ts                    |      25 |        0 |       0 |      25 | 18-41,50-63,72-86,95-116                                                                                 
  profile.routes.ts                   |   29.16 |        0 |       0 |   29.16 | 18-98                                                                                                    
  question.routes.ts                  |   27.45 |     3.33 |   13.33 |   27.81 | 25,66,76-126,136-149,159-169,180-231,241-255,265-279,289-393,412,422-426,454,457-458,468,478-492,502-562 
  upload.routes.ts                    |   22.38 |        0 |       0 |   22.38 | 16-29,34-48,62-81,90-143,154-185                                                                         
  user-me.routes.ts                   |   20.96 |        0 |       0 |   20.96 | 21-63,72-157,166-181,190-205                                                                             
 src/services                         |   21.21 |    13.81 |   18.62 |   21.55 |                                                                                                          
  ai-audit.service.ts                 |   35.41 |    31.91 |   44.44 |   36.17 | 131,147-151,159,202-212,219-223,242-377,388-392,407-451,468-474                                          
  answer.service.ts                   |   45.05 |    43.54 |   11.11 |   47.12 | 21,26,34,42,54,76-77,92-99,160-166,195-283                                                               
  audit.service.ts                    |      32 |    31.74 |      45 |   32.25 | 29,45,103-158,176,181,186,231-464                                                                        
  auth.service.ts                     |    4.93 |        0 |       0 |    4.93 | 27,34-985                                                                                                
  behavior-log.service.ts             |   21.05 |        0 |       0 |   21.05 | 26-79                                                                                                    
  class-hours.service.ts              |   30.35 |    22.22 |      20 |    30.9 | 7-13,23,39-41,63-157                                                                                     
  comment.service.ts                  |   13.33 |        0 |       0 |   13.33 | 13-186                                                                                                   
  interaction.service.ts              |    5.71 |        0 |       0 |    6.25 | 6-267                                                                                                    
  notification.service.ts             |   73.91 |    72.72 |   42.85 |   73.91 | 12-18,40,106-124                                                                                         
  parent.service.ts                   |   11.11 |        0 |       0 |   11.36 | 7-28,37-206                                                                                              
  question-dimension.service.ts       |    7.84 |        0 |       0 |    7.84 | 9-196                                                                                                    
  question.service.ts                 |   26.37 |    21.69 |   16.66 |   26.66 | 33,48-79,94-96,113-118,124-125,208-414                                                                   
  user.service.ts                     |      20 |        0 |       0 |      20 | 18-83                                                                                                    
  whitelist.service.ts                |    6.89 |        0 |       0 |    6.89 | 20-267                                                                                                   
 src/utils                            |   84.61 |      100 |   66.66 |      80 |                                                                                                          
  jwt.ts                              |   84.61 |      100 |   66.66 |      80 | 25-28                                                                                                    
--------------------------------------|---------|----------|---------|---------|----------------------------------------------------------------------------------------------------------

Test Suites: 1 failed, 1 passed, 2 total
Tests:       1 failed, 6 passed, 7 total
Snapshots:   0 total
Time:        9.54 s, estimated 10 s
Ran all test suites matching /notification.api.spec.ts/i.
{"level":30,"time":1770852641157,"pid":21480,"hostname":"DESKTOP-3834FTC","feature":"ai-audit","type":"answer","contentPreview":"这是 TEA 链路中教师提交的测试回答内容。","result":{"safe":true,"quality":{"clear":true}},"msg":"AI audit completed"}
{"level":30,"time":1770852641168,"pid":21480,"hostname":"DESKTOP-3834FTC","req":{"id":"86d360f1-c867-48a6-b926-5ee0d505513e","method":"POST","url":"/api/questions/cmlinxsrh000gtlko3q4ynk5g/answers","query":{},"params":{},"headers":{"host":"127.0.0.1:58184","accept-encoding":"gzip, deflate","authorization":"Bearer eyJhbGciOiJIUzI1NiIsInR5cCI6IkpXVCJ9.eyJzdWIiOiJmbG93X3RlYWNoZXJfMDAxIiwicm9sZSI6InRlYWNoZXIiLCJ0eXBlIjoiYWNjZXNzIiwiaWF0IjoxNzcwODUyNjM0LCJleHAiOjE3NzE0NTc0MzR9.rgdubNwCnnEO__ffwMe-yd0w4yfVGsX5WB59oZ4dFcI","content-type":"application/json","content-length":"140","connection":"close"},"remoteAddress":"::ffff:127.0.0.1","remotePort":58185},"mode":"normal","res":{"statusCode":201,"headers":{"content-security-policy":"default-src 'self';base-uri 'self';font-src 'self' https: data:;form-action 'self';frame-ancestors 'self';img-src 'self' data:;object-src 'none';script-src 'self';script-src-attr 'none';style-src 'self' https: 'unsafe-inline';upgrade-insecure-requests","cross-origin-opener-policy":"same-origin","cross-origin-resource-policy":"same-origin","origin-agent-cluster":"?1","referrer-policy":"no-referrer","strict-transport-security":"max-age=31536000; includeSubDomains","x-content-type-options":"nosniff","x-dns-prefetch-control":"off","x-download-options":"noopen","x-frame-options":"SAMEORIGIN","x-permitted-cross-domain-policies":"none","x-xss-protection":"0","access-control-allow-origin":"*","content-type":"application/json; charset=utf-8","content-length":"521","etag":"W/\"209-qT9sN9g1kMquzq9aiui/gwQBVlc\""}},"responseTime":2712,"msg":"request completed"}
